
> frontend@0.0.0 build
> vite build

npm : [33mYou are using Node.js 20.14.0. Vite 
requires Node.js version 20.19+ or 22.12+. Please 
upgrade your Node.js version.[39m
At line:1 char:1
+ npm run build > build_output.txt 2>&1
+ ~~~~~~~~~~~~~~~~~~~~~~~~~~~~~~~~~~~~~
    + CategoryInfo          : NotSpecified: ([33mY 
   ou are us...s version.[39m:String) [], RemoteE  
  xception
    + FullyQualifiedErrorId : NativeCommandError
 
[36mvite v7.3.1 [32mbuilding client environment for production...[36m[39m
transforming...
[32mΓ£ô[39m 2202 modules transformed.
[31mΓ£ù[39m Build failed in 5.18s
[31merror during build:
[31m[vite]: Rollup failed to resolve import 
"framer-motion" from 
"C:/Users/bmani/OneDrive/Desktop/Infosys Project/fro
ntend/src/components/landing/HeroSection.jsx".
This is most likely unintended because it can break 
your application at runtime.
If you do want to externalize this module 
explicitly add it to
`build.rollupOptions.external`[31m
    at viteLog (file:///C:/Users/bmani/OneDrive/Desk
top/Infosys%20Project/frontend/node_modules/vite/dis
t/node/chunks/config.js:33635:57)
    at file:///C:/Users/bmani/OneDrive/Desktop/Infos
ys%20Project/frontend/node_modules/vite/dist/node/ch
unks/config.js:33669:73
    at onwarn (file:///C:/Users/bmani/OneDrive/Deskt
op/Infosys%20Project/frontend/node_modules/@vitejs/p
lugin-react/dist/index.js:76:7)
    at file:///C:/Users/bmani/OneDrive/Desktop/Infos
ys%20Project/frontend/node_modules/vite/dist/node/ch
unks/config.js:33669:28
    at onRollupLog (file:///C:/Users/bmani/OneDrive/
Desktop/Infosys%20Project/frontend/node_modules/vite
/dist/node/chunks/config.js:33664:63)
    at onLog (file:///C:/Users/bmani/OneDrive/Deskto
p/Infosys%20Project/frontend/node_modules/vite/dist/
node/chunks/config.js:33467:4)
    at file:///C:/Users/bmani/OneDrive/Desktop/Infos
ys%20Project/frontend/node_modules/rollup/dist/es/sh
ared/node-entry.js:20958:32
    at Object.logger [as onLog] (file:///C:/Users/bm
ani/OneDrive/Desktop/Infosys%20Project/frontend/node
_modules/rollup/dist/es/shared/node-entry.js:22945:9
)
    at ModuleLoader.handleInvalidResolvedId (file://
/C:/Users/bmani/OneDrive/Desktop/Infosys%20Project/f
rontend/node_modules/rollup/dist/es/shared/node-entr
y.js:21689:26)
    at file:///C:/Users/bmani/OneDrive/Desktop/Infos
ys%20Project/frontend/node_modules/rollup/dist/es/sh
ared/node-entry.js:21647:26[39m
